[inst4-get.ischamber.org/index.html]
[backblue.gif]
[fade.gif]
[index.html]
[inst4-get.ischamber.org/css/bootstrap-theme.min.css]
[inst4-get.ischamber.org/css/bootstrap.min.css]
[inst4-get.ischamber.org/css/fontello.css]
[inst4-get.ischamber.org/css/main.css]
[inst4-get.ischamber.org/js/globals.js]
[inst4-get.ischamber.org/images/insta-fav.png]
[inst4-get.ischamber.org/images/insta-bg.jpg]
[inst4-get.ischamber.org/index-2.html]
[inst4-get.ischamber.org/images/insta-logo.png]
[inst4-get.ischamber.org/user-icons/default.png]
[inst4-get.ischamber.org/img/loading.gif]
[inst4-get.ischamber.org/js/vendor/bootstrap.min.js]
[inst4-get.ischamber.org/js/vendor/jquery-3.1.1.min.js]
[inst4-get.ischamber.org/js/generator.js]
[inst4-get.ischamber.org/index.html]
[inst4-get.ischamber.org/fonts/glyphicons-halflings-regular.html]
[inst4-get.ischamber.org/fonts/glyphicons-halflings-regulard41dd41dd41dd41d.html]
[inst4-get.ischamber.org/fonts/glyphicons-halflings-regular-2.html]
[inst4-get.ischamber.org/fonts/glyphicons-halflings-regular-3.html]
[inst4-get.ischamber.org/fonts/glyphicons-halflings-regular-4.html]
[inst4-get.ischamber.org/css/bootstrap.min.css]
[inst4-get.ischamber.org/css/bootstrap-theme.min.css]
[inst4-get.ischamber.org/font/fontello76fe76fe76fe76fe.eot]
[inst4-get.ischamber.org/font/fontello76fe76fe76fe76fe.woff2]
[inst4-get.ischamber.org/font/fontello76fe76fe76fe76fe.woff]
[inst4-get.ischamber.org/font/fontello76fe76fe76fe76fe.ttf]
[inst4-get.ischamber.org/font/fontello76fe76fe76fe76fe.svg]
[inst4-get.ischamber.org/css/fontello.css]
[inst4-get.ischamber.org/img/pbg.png]
[inst4-get.ischamber.org/css/main.css]
[inst4-get.ischamber.org/index-2.html]
[inst4-get.ischamber.org/fonts/glyphicons-halflings-regular.html]
[inst4-get.ischamber.org/fonts/glyphicons-halflings-regulard41dd41dd41dd41d.html]
[inst4-get.ischamber.org/fonts/glyphicons-halflings-regular-2.html]
[inst4-get.ischamber.org/fonts/glyphicons-halflings-regular-3.html]
[inst4-get.ischamber.org/fonts/glyphicons-halflings-regular-4.html]
[inst4-get.ischamber.org/font/fontello76fe76fe76fe76fe.svg]
